> Task :app:preBuild UP-TO-DATE
> Task :app:preDebugBuild UP-TO-DATE
> Task :app:mergeDebugNativeDebugMetadata NO-SOURCE
> Task :app:checkKotlinGradlePluginConfigurationErrors SKIPPED
> Task :app:checkDebugAarMetadata UP-TO-DATE
> Task :app:generateDebugResValues UP-TO-DATE
> Task :app:mapDebugSourceSetPaths UP-TO-DATE
> Task :app:generateDebugResources UP-TO-DATE
> Task :app:mergeDebugResources UP-TO-DATE
> Task :app:packageDebugResources UP-TO-DATE
> Task :app:parseDebugLocalResources UP-TO-DATE
> Task :app:createDebugCompatibleScreenManifests UP-TO-DATE
> Task :app:extractDeepLinksDebug UP-TO-DATE
> Task :app:processDebugMainManifest UP-TO-DATE
> Task :app:processDebugManifest UP-TO-DATE
> Task :app:processDebugManifestForPackage UP-TO-DATE
> Task :app:processDebugResources UP-TO-DATE
> Task :app:kspDebugKotlin UP-TO-DATE
> Task :app:javaPreCompileDebug UP-TO-DATE
> Task :app:mergeDebugShaders UP-TO-DATE
> Task :app:compileDebugShaders NO-SOURCE
> Task :app:generateDebugAssets UP-TO-DATE
> Task :app:mergeDebugAssets UP-TO-DATE
> Task :app:compressDebugAssets UP-TO-DATE
> Task :app:desugarDebugFileDependencies UP-TO-DATE
> Task :app:checkDebugDuplicateClasses UP-TO-DATE
> Task :app:mergeExtDexDebug UP-TO-DATE
> Task :app:mergeLibDexDebug UP-TO-DATE
> Task :app:mergeDebugJniLibFolders UP-TO-DATE
> Task :app:mergeDebugNativeLibs UP-TO-DATE
> Task :app:stripDebugDebugSymbols UP-TO-DATE
> Task :app:validateSigningDebug UP-TO-DATE
> Task :app:writeDebugAppMetadata UP-TO-DATE
> Task :app:writeDebugSigningConfigVersions UP-TO-DATE

> Task :app:compileDebugKotlin FAILED
e: file:///Users/rakzzm/Documents/Applications/Notify2u/app/src/main/java/com/notify2u/app/navigation/AppNavigation.kt:28:20 Cannot infer type for this parameter. Please specify it explicitly.
e: file:///Users/rakzzm/Documents/Applications/Notify2u/app/src/main/java/com/notify2u/app/navigation/AppNavigation.kt:28:20 Not enough information to infer type argument for 'T'.
e: file:///Users/rakzzm/Documents/Applications/Notify2u/app/src/main/java/com/notify2u/app/navigation/AppNavigation.kt:29:9 Cannot infer type for this parameter. Please specify it explicitly.
e: file:///Users/rakzzm/Documents/Applications/Notify2u/app/src/main/java/com/notify2u/app/navigation/AppNavigation.kt:29:9 Not enough information to infer type argument for 'B'.
e: file:///Users/rakzzm/Documents/Applications/Notify2u/app/src/main/java/com/notify2u/app/navigation/AppNavigation.kt:29:9 Cannot infer type for this parameter. Please specify it explicitly.
e: file:///Users/rakzzm/Documents/Applications/Notify2u/app/src/main/java/com/notify2u/app/navigation/AppNavigation.kt:29:68 Unresolved reference 'Home'.
e: file:///Users/rakzzm/Documents/Applications/Notify2u/app/src/main/java/com/notify2u/app/navigation/AppNavigation.kt:30:9 Cannot infer type for this parameter. Please specify it explicitly.
e: file:///Users/rakzzm/Documents/Applications/Notify2u/app/src/main/java/com/notify2u/app/navigation/AppNavigation.kt:30:9 Not enough information to infer type argument for 'B'.
e: file:///Users/rakzzm/Documents/Applications/Notify2u/app/src/main/java/com/notify2u/app/navigation/AppNavigation.kt:30:69 Unresolved reference 'List'.
e: file:///Users/rakzzm/Documents/Applications/Notify2u/app/src/main/java/com/notify2u/app/navigation/AppNavigation.kt:31:9 Cannot infer type for this parameter. Please specify it explicitly.
e: file:///Users/rakzzm/Documents/Applications/Notify2u/app/src/main/java/com/notify2u/app/navigation/AppNavigation.kt:31:9 Not enough information to infer type argument for 'B'.
e: file:///Users/rakzzm/Documents/Applications/Notify2u/app/src/main/java/com/notify2u/app/navigation/AppNavigation.kt:31:72 Unresolved reference 'DateRange'.
e: file:///Users/rakzzm/Documents/Applications/Notify2u/app/src/main/java/com/notify2u/app/navigation/AppNavigation.kt:32:9 Cannot infer type for this parameter. Please specify it explicitly.
e: file:///Users/rakzzm/Documents/Applications/Notify2u/app/src/main/java/com/notify2u/app/navigation/AppNavigation.kt:32:9 Not enough information to infer type argument for 'B'.
e: file:///Users/rakzzm/Documents/Applications/Notify2u/app/src/main/java/com/notify2u/app/navigation/AppNavigation.kt:32:71 Unresolved reference 'Refresh'.
e: file:///Users/rakzzm/Documents/Applications/Notify2u/app/src/main/java/com/notify2u/app/navigation/AppNavigation.kt:33:9 Cannot infer type for this parameter. Please specify it explicitly.
e: file:///Users/rakzzm/Documents/Applications/Notify2u/app/src/main/java/com/notify2u/app/navigation/AppNavigation.kt:33:9 Not enough information to infer type argument for 'B'.
e: file:///Users/rakzzm/Documents/Applications/Notify2u/app/src/main/java/com/notify2u/app/navigation/AppNavigation.kt:33:71 Unresolved reference 'Info'.
e: file:///Users/rakzzm/Documents/Applications/Notify2u/app/src/main/java/com/notify2u/app/navigation/AppNavigation.kt:43:26 Cannot infer type for this parameter. Please specify it explicitly.
e: file:///Users/rakzzm/Documents/Applications/Notify2u/app/src/main/java/com/notify2u/app/navigation/AppNavigation.kt:43:26 Not enough information to infer type argument for 'T'.
e: file:///Users/rakzzm/Documents/Applications/Notify2u/app/src/main/java/com/notify2u/app/navigation/AppNavigation.kt:43:36 Cannot infer type for this parameter. Please specify it explicitly.
e: file:///Users/rakzzm/Documents/Applications/Notify2u/app/src/main/java/com/notify2u/app/navigation/AppNavigation.kt:43:36 Function 'component1()' is ambiguous for this expression: 
fun <T> Array<out T>.component1(): T
fun BooleanArray.component1(): Boolean
fun ByteArray.component1(): Byte
fun CharArray.component1(): Char
fun DoubleArray.component1(): Double
fun FloatArray.component1(): Float
fun IntArray.component1(): Int
fun LongArray.component1(): Long
fun ShortArray.component1(): Short
fun <T> List<T>.component1(): T
fun <K, V> Map.Entry<K, V>.component1(): K
fun UByteArray.component1(): UByte
fun UIntArray.component1(): UInt
fun ULongArray.component1(): ULong
fun UShortArray.component1(): UShort.
e: file:///Users/rakzzm/Documents/Applications/Notify2u/app/src/main/java/com/notify2u/app/navigation/AppNavigation.kt:43:36 Function 'component2()' is ambiguous for this expression: 
fun <T> Array<out T>.component2(): T
fun BooleanArray.component2(): Boolean
fun ByteArray.component2(): Byte
fun CharArray.component2(): Char
fun DoubleArray.component2(): Double
fun FloatArray.component2(): Float
fun IntArray.component2(): Int
fun LongArray.component2(): Long
fun ShortArray.component2(): Short
fun <T> List<T>.component2(): T
fun <K, V> Map.Entry<K, V>.component2(): V
fun UByteArray.component2(): UByte
fun UIntArray.component2(): UInt
fun ULongArray.component2(): ULong
fun UShortArray.component2(): UShort.
e: file:///Users/rakzzm/Documents/Applications/Notify2u/app/src/main/java/com/notify2u/app/ui/screens/CalendarScreen.kt:87:25 Unresolved reference 'RoundedCornerShape'.
e: file:///Users/rakzzm/Documents/Applications/Notify2u/app/src/main/java/com/notify2u/app/ui/screens/HistoryScreen.kt:74:29 Unresolved reference 'RoundedCornerShape'.
e: file:///Users/rakzzm/Documents/Applications/Notify2u/app/src/main/java/com/notify2u/app/ui/screens/HistoryScreen.kt:75:56 Unresolved reference 'Search'.
e: file:///Users/rakzzm/Documents/Applications/Notify2u/app/src/main/java/com/notify2u/app/ui/screens/HistoryScreen.kt:76:48 Unresolved reference 'outlinedTextFieldColors'.
e: file:///Users/rakzzm/Documents/Applications/Notify2u/app/src/main/java/com/notify2u/app/ui/screens/HomeScreen.kt:85:71 Unresolved reference 'RectangleShape'.
e: file:///Users/rakzzm/Documents/Applications/Notify2u/app/src/main/java/com/notify2u/app/ui/screens/NotificationSettingsScreen.kt:54:18 Unresolved reference 'background'.
e: file:///Users/rakzzm/Documents/Applications/Notify2u/app/src/main/java/com/notify2u/app/ui/screens/NotificationSettingsScreen.kt:61:25 Unresolved reference 'RoundedCornerShape'.
e: file:///Users/rakzzm/Documents/Applications/Notify2u/app/src/main/java/com/notify2u/app/ui/screens/NotificationSettingsScreen.kt:67:38 Unresolved reference 'FontWeight'.
e: file:///Users/rakzzm/Documents/Applications/Notify2u/app/src/main/java/com/notify2u/app/ui/screens/NotificationSettingsScreen.kt:81:45 Unresolved reference 'Alignment'.
e: file:///Users/rakzzm/Documents/Applications/Notify2u/app/src/main/java/com/notify2u/app/ui/screens/NotificationSettingsScreen.kt:89:46 Unresolved reference 'FontWeight'.
e: file:///Users/rakzzm/Documents/Applications/Notify2u/app/src/main/java/com/notify2u/app/ui/screens/NotificationSettingsScreen.kt:108:37 Unresolved reference 'RoundedCornerShape'.
e: file:///Users/rakzzm/Documents/Applications/Notify2u/app/src/main/java/com/notify2u/app/ui/screens/SupportScreen.kt:42:18 Unresolved reference 'background'.
e: file:///Users/rakzzm/Documents/Applications/Notify2u/app/src/main/java/com/notify2u/app/ui/screens/SupportScreen.kt:50:25 Unresolved reference 'RoundedCornerShape'.
e: file:///Users/rakzzm/Documents/Applications/Notify2u/app/src/main/java/com/notify2u/app/ui/screens/SupportScreen.kt:86:22 Unresolved reference 'background'.
e: file:///Users/rakzzm/Documents/Applications/Notify2u/app/src/main/java/com/notify2u/app/ui/screens/SupportScreen.kt:86:94 Unresolved reference 'RoundedCornerShape'.
e: file:///Users/rakzzm/Documents/Applications/Notify2u/app/src/main/java/com/notify2u/app/ui/screens/SupportScreen.kt:92:60 Unresolved reference 'KeyboardArrowRight'.
e: file:///Users/rakzzm/Documents/Applications/Notify2u/app/src/main/java/com/notify2u/app/ui/screens/SupportScreen.kt:93:71 Unresolved reference 'Color'.
e: file:///Users/rakzzm/Documents/Applications/Notify2u/app/src/main/java/com/notify2u/app/ui/screens/SupportScreen.kt:94:41 Unresolved reference 'clickable'.
e: file:///Users/rakzzm/Documents/Applications/Notify2u/app/src/main/java/com/notify2u/app/ui/screens/SupportScreen.kt:101:60 Unresolved reference 'KeyboardArrowRight'.
e: file:///Users/rakzzm/Documents/Applications/Notify2u/app/src/main/java/com/notify2u/app/ui/screens/SupportScreen.kt:102:71 Unresolved reference 'Color'.
e: file:///Users/rakzzm/Documents/Applications/Notify2u/app/src/main/java/com/notify2u/app/ui/screens/SupportScreen.kt:103:41 Unresolved reference 'clickable'.
e: file:///Users/rakzzm/Documents/Applications/Notify2u/app/src/main/java/com/notify2u/app/ui/screens/TodoListScreen.kt:153:33 Unresolved reference 'horizontalScroll'.
e: file:///Users/rakzzm/Documents/Applications/Notify2u/app/src/main/java/com/notify2u/app/ui/screens/TodoListScreen.kt:153:101 Cannot infer type for this parameter. Please specify it explicitly.
e: file:///Users/rakzzm/Documents/Applications/Notify2u/app/src/main/java/com/notify2u/app/ui/screens/TodoListScreen.kt:153:105 Cannot infer type for this parameter. Please specify it explicitly.
e: file:///Users/rakzzm/Documents/Applications/Notify2u/app/src/main/java/com/notify2u/app/ui/screens/TodoListScreen.kt:154:9 @Composable invocations can only happen from the context of a @Composable function
e: file:///Users/rakzzm/Documents/Applications/Notify2u/app/src/main/java/com/notify2u/app/ui/screens/TodoListScreen.kt:155:47 Unresolved reference 'horizontalScroll'.
e: file:///Users/rakzzm/Documents/Applications/Notify2u/app/src/main/java/com/notify2u/app/ui/screens/TodoListScreen.kt:155:92 @Composable invocations can only happen from the context of a @Composable function

[Incubating] Problems report is available at: file:///Users/rakzzm/Documents/Applications/Notify2u/build/reports/problems/problems-report.html

FAILURE: Build failed with an exception.

* What went wrong:
Execution failed for task ':app:compileDebugKotlin'.
> A failure occurred while executing org.jetbrains.kotlin.compilerRunner.GradleCompilerRunnerWithWorkers$GradleKotlinCompilerWorkAction
   > Compilation error. See log for more details

* Try:
> Run with --stacktrace option to get the stack trace.
> Run with --info or --debug option to get more log output.
> Run with --scan to generate a Build Scan (Powered by Develocity).
> Get more help at https://help.gradle.org.

Deprecated Gradle features were used in this build, making it incompatible with Gradle 10.

You can use '--warning-mode all' to show the individual deprecation warnings and determine if they come from your own scripts or plugins.

For more on this, please refer to https://docs.gradle.org/9.1.0/userguide/command_line_interface.html#sec:command_line_warnings in the Gradle documentation.

BUILD FAILED in 3s
29 actionable tasks: 1 executed, 28 up-to-date
